ERROR: ld.so: object 'libSlimGuard.so' from LD_PRELOAD cannot be preloaded (cannot open shared object file): ignored.
PARSEC Benchmark Suite Version 3.0-beta-20150206
Creating directory using system("mkdir -p Storytelling/output")...ERROR: ld.so: object 'libSlimGuard.so' from LD_PRELOAD cannot be preloaded (cannot open shared object file): ignored.
ERROR: ld.so: object 'libSlimGuard.so' from LD_PRELOAD cannot be preloaded (cannot open shared object file): ignored.
Successful!
Simulation                                        Reading simulation model : ./Face_Data/Eftychis_840k/Front_370k/face_simulation_1.tet
Total particles = 80598
Total tetrahedra = 372126
muscles = 32
attachments = 3

  Frame 1                                         
  END Frame 1                                       3.0401 s
SIMULATION                                          0.0000
  FRAME                                             3.0401
    ADB                                             3.0398
      UPBS                                          0.5979
        UPBS (FEM) - Initialize                     0.0510 s
        UPBS (FEM) - Element Loop                   0.5468 s
        UPBS (CPF)                                  0.0000 s
      ADO                                           2.4418
        ADO - Update collision bodies               0.0000 s
        AOTSQ                                       2.4418
          AOTSQ - Initialize                        0.0005 s
          AOTSQ - NR loop                           2.4413
            AOTSQ - NR loop - Initialize            0.0001 s
            UCPF                                    0.0490 s
            NRS                                     1.6608
              NRS - Initialize                      0.0000 s
              NRS - Boundary conditions 1           0.0002 s
              UPBS                                  0.6424
                UPBS (FEM) - Initialize             0.0000 s
                UPBS (FEM) - Element Loop           0.6424 s
                UPBS (CPF)                          0.0000 s
              AFD (FEM)                             0.0048 s
              AVIF                                  0.0474
                AVIF (FEM)                          0.0472 s
                AVIF (CPF)                          0.0001 s
              NRS - Boundary conditions 2           0.0000 s
              NRS - Compute residual                0.0003
              NRS - Copy initial guess              0.0013 s
            UPBS                                    0.6926
              UPBS (FEM) - Initialize               0.0000 s
              UPBS (FEM) - Element Loop             0.6926 s
              UPBS (CPF)                            0.0000 s
            AVIF                                    0.0383
              AVIF (FEM)                            0.0382 s
              AVIF (CPF)                            0.0001 s
            AOTSQ - NR loop - Boundary conditions   0.0000 s
            AOTSQ - NR loop - Compute residual      0.0002 s

real	0m4,662s
user	0m4,455s
sys	0m0,160s
